> ?
+ kruskal.test()
> mydata=PlantGrowth
> print(mydata)
   weight group
1    4.17  ctrl
2    5.58  ctrl
3    5.18  ctrl
4    6.11  ctrl
5    4.50  ctrl
6    4.61  ctrl
7    5.17  ctrl
8    4.53  ctrl
9    5.33  ctrl
10   5.14  ctrl
11   4.81  trt1
12   4.17  trt1
13   4.41  trt1
14   3.59  trt1
15   5.87  trt1
16   3.83  trt1
17   6.03  trt1
18   4.89  trt1
19   4.32  trt1
20   4.69  trt1
21   6.31  trt2
22   5.12  trt2
23   5.54  trt2
24   5.50  trt2
25   5.37  trt2
26   5.29  trt2
27   4.92  trt2
28   6.15  trt2
29   5.80  trt2
30   5.26  trt2
> shapiro.test(weight)
Error in stopifnot(is.numeric(x)) : object 'weight' not found
> mydata$weight
 [1] 4.17 5.58 5.18 6.11 4.50 4.61 5.17 4.53 5.33 5.14 4.81 4.17 4.41 3.59 5.87 3.83
[17] 6.03 4.89 4.32 4.69 6.31 5.12 5.54 5.50 5.37 5.29 4.92 6.15 5.80 5.26
> shapiro.test(mydata$weight~mydata$group)
Error in shapiro.test(mydata$weight ~ mydata$group) : 
  is.numeric(x) is not TRUE
> result = kruskal.test(weight~group, data=mydata)
> print(result)

	Kruskal-Wallis rank sum test

data:  weight by group
Kruskal-Wallis chi-squared = 7.9882, df = 2, p-value = 0.01842

> 
> 
> 
> sleep <- c(42,34,57,69,55,29,66,46,68,42,16,32,35,66,59)
> hours <- c('8','8','8','8','8','7','7','7','7','7','5','5','5','5','5')
> result = kruskal.test(sleep~hours)
> print(result)

	Kruskal-Wallis rank sum test

data:  sleep by hours
Kruskal-Wallis chi-squared = 0.85806, df = 2, p-value = 0.6511

> 
> 
> 
> class <- c(23,41,54,66,78,45,55,60,70,72,20,30,34,40,44)
> data <- c('W','W','W','W','W','M','M','M','M','M','O','O','O','O','O')
> shapiro.test(class)

	Shapiro-Wilk normality test

data:  class
W = 0.96562, p-value = 0.7887

> kruskal.test(class~data)

	Kruskal-Wallis rank sum test

data:  class by data
Kruskal-Wallis chi-squared = 6.72, df = 2, p-value = 0.03474

> boxplot(class~data)
